
> sudheer-portfolio@1.0.0 build
> tsc -b && vite build

[36mvite v5.4.21 [32mbuilding for production...[36m[39m
transforming...
[32mΓ£ô[39m 1989 modules transformed.
rendering chunks...
computing gzip size...
[2mdist/[22m[32mindex.html                 [39m[1m[2m  0.71 kB[22m[1m[22m[2m Γöé gzip:   0.43 kB[22m
[2mdist/[22m[35massets/index-Mdka2iy0.css  [39m[1m[2m 21.69 kB[22m[1m[22m[2m Γöé gzip:   5.04 kB[22m
[2mdist/[22m[36massets/index-dZb5TZyb.js   [39m[1m[2m322.02 kB[22m[1m[22m[2m Γöé gzip: 101.37 kB[22m
[32mΓ£ô built in 10.44s[39m
